// Jest Snapshot v1, https://goo.gl/fbAQLP

exports[`Multiline Stories primaryshould match snapshot 1`] = `
<body>
  <div>
    <div
      class="px-3 py-2 whitespace-no-wrap"
    >
      <span
        class="text-lg font-medium text-gray-900"
      >
        Title
      </span>
      <p
        class="text-sm text-gray-500"
      >
        Content
      </p>
    </div>
  </div>
</body>
`;
